api/auth/me.ts(22,22): error TS2322: Type 'number' is not assignable to type 'string'.
components/layout/Header.tsx(12,11): error TS2741: Property 'admin' is missing in type '{ dashboard: string; organization: string; talent: string; training: string; simulation: string; documents: string; integrations: string; reporting: string; approvals: string; about: string; }' but required in type 'Record<Page, string>'.
prisma/seed.ts(14,9): error TS2322: Type '{ email: string; passwordHash: string; role: string; }' is not assignable to type '(Without<UserCreateInput, UserUncheckedCreateInput> & UserUncheckedCreateInput) | (Without<...> & UserCreateInput)'.
  Type '{ email: string; passwordHash: string; role: string; }' is not assignable to type 'Without<UserUncheckedCreateInput, UserCreateInput> & UserCreateInput'.
    Property 'id' is missing in type '{ email: string; passwordHash: string; role: string; }' but required in type 'UserCreateInput'.
services/geminiService.ts(2,60): error TS2307: Cannot find module '@google/genai' or its corresponding type declarations.
vitest.config.ts(7,15): error TS2769: No overload matches this call.
  The last overload gave the following error.
    Type 'Plugin<any>[]' is not assignable to type 'PluginOption'.
      Type 'Plugin<any>[]' is not assignable to type 'PluginOption[]'.
        Type 'Plugin<any>' is not assignable to type 'PluginOption'.
          Type 'import("C:/NYX-main/node_modules/vite/dist/node/index").Plugin<any>' is not assignable to type 'import("C:/NYX-main/node_modules/vitest/node_modules/vite/dist/node/index").Plugin<any>'.
            Types of property 'apply' are incompatible.
              Type '"build" | "serve" | ((this: void, config: import("C:/NYX-main/node_modules/vite/dist/node/index").UserConfig, env: import("C:/NYX-main/node_modules/vite/dist/node/index").ConfigEnv) => boolean)' is not assignable to type '"build" | "serve" | ((this: void, config: import("C:/NYX-main/node_modules/vitest/node_modules/vite/dist/node/index").UserConfig, env: import("C:/NYX-main/node_modules/vitest/node_modules/vite/dist/node/index").ConfigEnv) => boolean)'.
                Type '(this: void, config: UserConfig, env: ConfigEnv) => boolean' is not assignable to type '"build" | "serve" | ((this: void, config: UserConfig, env: ConfigEnv) => boolean)'.
                  Type '(this: void, config: import("C:/NYX-main/node_modules/vite/dist/node/index").UserConfig, env: import("C:/NYX-main/node_modules/vite/dist/node/index").ConfigEnv) => boolean' is not assignable to type '(this: void, config: import("C:/NYX-main/node_modules/vitest/node_modules/vite/dist/node/index").UserConfig, env: import("C:/NYX-main/node_modules/vitest/node_modules/vite/dist/node/index").ConfigEnv) => boolean'.
                    Types of parameters 'config' and 'config' are incompatible.
                      Type 'import("C:/NYX-main/node_modules/vitest/node_modules/vite/dist/node/index").UserConfig' is not assignable to type 'import("C:/NYX-main/node_modules/vite/dist/node/index").UserConfig'.
                        Types of property 'plugins' are incompatible.
                          Type 'import("C:/NYX-main/node_modules/vitest/node_modules/vite/dist/node/index").PluginOption[]' is not assignable to type 'import("C:/NYX-main/node_modules/vite/dist/node/index").PluginOption[]'.
                            Type 'import("C:/NYX-main/node_modules/vitest/node_modules/vite/dist/node/index").PluginOption' is not assignable to type 'import("C:/NYX-main/node_modules/vite/dist/node/index").PluginOption'.
                              Type 'Plugin<any>' is not assignable to type 'PluginOption'.
                                Type 'import("C:/NYX-main/node_modules/vitest/node_modules/vite/dist/node/index").Plugin<any>' is not assignable to type 'import("C:/NYX-main/node_modules/vite/dist/node/index").Plugin<any>'.
                                  Types of property 'apply' are incompatible.
                                    Type '"build" | "serve" | ((this: void, config: import("C:/NYX-main/node_modules/vitest/node_modules/vite/dist/node/index").UserConfig, env: import("C:/NYX-main/node_modules/vitest/node_modules/vite/dist/node/index").ConfigEnv) => boolean)' is not assignable to type '"build" | "serve" | ((this: void, config: import("C:/NYX-main/node_modules/vite/dist/node/index").UserConfig, env: import("C:/NYX-main/node_modules/vite/dist/node/index").ConfigEnv) => boolean)'.
                                      Type '(this: void, config: UserConfig, env: ConfigEnv) => boolean' is not assignable to type '"build" | "serve" | ((this: void, config: UserConfig, env: ConfigEnv) => boolean)'.
                                        Type '(this: void, config: import("C:/NYX-main/node_modules/vitest/node_modules/vite/dist/node/index").UserConfig, env: import("C:/NYX-main/node_modules/vitest/node_modules/vite/dist/node/index").ConfigEnv) => boolean' is not assignable to type '(this: void, config: import("C:/NYX-main/node_modules/vite/dist/node/index").UserConfig, env: import("C:/NYX-main/node_modules/vite/dist/node/index").ConfigEnv) => boolean'.
                                          Types of parameters 'config' and 'config' are incompatible.
                                            Type 'import("C:/NYX-main/node_modules/vite/dist/node/index").UserConfig' is not assignable to type 'import("C:/NYX-main/node_modules/vitest/node_modules/vite/dist/node/index").UserConfig'.
                                              Types of property 'plugins' are incompatible.
                                                Type 'import("C:/NYX-main/node_modules/vite/dist/node/index").PluginOption[]' is not assignable to type 'import("C:/NYX-main/node_modules/vitest/node_modules/vite/dist/node/index").PluginOption[]'.
                                                  Type 'import("C:/NYX-main/node_modules/vite/dist/node/index").PluginOption' is not assignable to type 'import("C:/NYX-main/node_modules/vitest/node_modules/vite/dist/node/index").PluginOption'.
                                                    Type 'Promise<false | Plugin<any> | PluginOption[]>' is not assignable to type 'PluginOption'.
                                                      Type 'Promise<false | import("C:/NYX-main/node_modules/vite/dist/node/index").Plugin<any> | import("C:/NYX-main/node_modules/vite/dist/node/index").PluginOption[]>' is not assignable to type 'Promise<false | import("C:/NYX-main/node_modules/vitest/node_modules/vite/dist/node/index").Plugin<any> | import("C:/NYX-main/node_modules/vitest/node_modules/vite/dist/node/index").PluginOption[]>'.
                                                        Type 'false | import("C:/NYX-main/node_modules/vite/dist/node/index").Plugin<any> | import("C:/NYX-main/node_modules/vite/dist/node/index").PluginOption[]' is not assignable to type 'false | import("C:/NYX-main/node_modules/vitest/node_modules/vite/dist/node/index").Plugin<any> | import("C:/NYX-main/node_modules/vitest/node_modules/vite/dist/node/index").PluginOption[]'.
                                                          Type 'Plugin<any>' is not assignable to type 'false | Plugin<any> | PluginOption[]'.
